// Jest Snapshot v1, https://goo.gl/fbAQLP

exports[`renders correctly 1`] = `
Array [
  <nav
    className="menu"
  >
    <div
      className="header"
    >
      <button
        className="close"
      >
        chiudi il menu
      </button>
    </div>
    <ul
      className="entries"
    >
      <li>
        <a
          href="https://www.bitdegree.org/tag/gamified/"
        >
          Chi siamo
        </a>
      </li>
      <li>
        <a
          href="https://www.bitdegree.org/tutorials/"
        >
          Lista piante
        </a>
      </li>
      <li>
        <a
          href="https://www.bitdegree.org/course/learn-solidity-space-doggos/"
        >
          Novit√†
        </a>
      </li>
      <li>
        <a
          href="https://www.bitdegree.org/tag/game-dev/"
        >
          Prodotti speciali
        </a>
      </li>
      <li>
        <a
          href="https://www.bitdegree.org/tag/gamified/"
        >
          Consigli per coltivare
        </a>
      </li>
      <li>
        <a
          href="https://www.bitdegree.org/tutorials/"
        >
          Ordini
        </a>
      </li>
      <li>
        <a
          href="https://www.bitdegree.org/course/learn-solidity-space-doggos/"
        >
          Foto-Show
        </a>
      </li>
      <li>
        <a
          href="https://www.bitdegree.org/tag/game-dev/"
        >
          E-mail
        </a>
      </li>
    </ul>
  </nav>,
  <div
    className="overlay"
  />,
]
`;
