// Jest Snapshot v1, https://goo.gl/fbAQLP

exports[`renders correctly 1`] = `
<main
  className="pdpContent"
  role="main"
>
  <div
    className="header"
  />
  <div
    className="mainImage"
  >
    <img
      src="http://www.pungilandia.com/php/undefined"
    />
  </div>
  <div
    className="product"
  >
    <h2
      className="name"
    />
    <div
      className="dimension"
    />
    <div
      className="price"
    >
      Prezzo: € 9,00
       €
    </div>
    <button
      className="addToCart"
    >
      Aggiungi al carrello
    </button>
  </div>
</main>
`;
