// Jest Snapshot v1, https://goo.gl/fbAQLP

exports[`renders correctly 1`] = `
<main
  className="plpContent"
  role="main"
>
  <div
    className="pageHeader"
  >
    <div
      className="left"
    >
      <h2
        className="title"
      >
        Le nostre piante
      </h2>
      <span
        className="lastmodified"
      >
        02/04/2020
      </span>
    </div>
    <div
      className="cercapiante"
    >
      <a
        href="/search"
        title="Cerca piante"
      >
        <img
          alt="Cerca piante"
          src="http://www.pungilandia.com/php/images/lo/cotyl_mediop.jpg"
        />
        <span>
          Cerca piante
        </span>
      </a>
    </div>
  </div>
  <div
    className="products"
  >
    <article
      className="product"
    >
      <a
        className="imageContainer"
        href="/pdp/2078"
        onClick={[Function]}
      >
        <img
          alt="Adromischus  clavifolius    ⌀24"
          className="image"
          loading="lazy"
          src="https://qp2dljrm.twic.pics/adromischus-clavifolius.jpg?twic=v1/cover=300x399.98999999999995/quality=100"
        />
        <h1
          className="name"
        >
          Adromischus  clavifolius    ⌀24
        </h1>
        <div>
          € 9,00
        </div>
      </a>
      <button
        className="addToCart"
      >
        Aggiungi al carrello
      </button>
    </article>
    <article
      className="product"
    >
      <a
        className="imageContainer"
        href="/pdp/2049"
        onClick={[Function]}
      >
        <img
          alt="Adromischus  filicaulis     ⌀10"
          className="image"
          loading="lazy"
          src="https://qp2dljrm.twic.pics/adromischu_filica.jpg?twic=v1/cover=300x399.98999999999995/quality=100"
        />
        <h1
          className="name"
        >
          Adromischus  filicaulis     ⌀10
        </h1>
        <div>
          € 9,00
        </div>
      </a>
      <button
        className="addToCart"
      >
        Aggiungi al carrello
      </button>
    </article>
    <article
      className="product"
    >
      <a
        className="imageContainer"
        href="/pdp/2075"
        onClick={[Function]}
      >
        <img
          alt="Adromischus   marianae F. Herrei    ⌀10"
          className="image"
          loading="lazy"
          src="https://qp2dljrm.twic.pics/adromischus-herrei.jpg?twic=v1/cover=300x399.98999999999995/quality=100"
        />
        <h1
          className="name"
        >
          Adromischus   marianae F. Herrei    ⌀10
        </h1>
        <div>
          € 38,00
        </div>
      </a>
      <button
        className="addToCart"
      >
        Aggiungi al carrello
      </button>
    </article>
    <article
      className="product"
    >
      <a
        className="imageContainer"
        href="/pdp/2052"
        onClick={[Function]}
      >
        <img
          alt="Adromischus  sculdtianus juttae    ⌀10"
          className="image"
          loading="lazy"
          src="https://qp2dljrm.twic.pics/adromischus schlud.jpg?twic=v1/cover=300x399.98999999999995/quality=100"
        />
        <h1
          className="name"
        >
          Adromischus  sculdtianus juttae    ⌀10
        </h1>
        <div>
          € 9,00
        </div>
      </a>
      <button
        className="addToCart"
      >
        Aggiungi al carrello
      </button>
    </article>
    <article
      className="product"
    >
      <a
        className="imageContainer"
        href="/pdp/1750"
        onClick={[Function]}
      >
        <img
          alt="Adromischus  truncatus    5,⌀5"
          className="image"
          loading="lazy"
          src="https://qp2dljrm.twic.pics/adrom_trun.jpg?twic=v1/cover=300x399.98999999999995/quality=100"
        />
        <h1
          className="name"
        >
          Adromischus  truncatus    5,⌀5
        </h1>
        <div>
          € 5,00
        </div>
      </a>
      <button
        className="addToCart"
      >
        Aggiungi al carrello
      </button>
    </article>
    <article
      className="product"
    >
      <a
        className="imageContainer"
        href="/pdp/2053"
        onClick={[Function]}
      >
        <img
          alt="Adromischus  cristatus  zeyheri    ⌀10"
          className="image"
          loading="lazy"
          src="https://qp2dljrm.twic.pics/adromi_cristzeye.jpg?twic=v1/cover=300x399.98999999999995/quality=100"
        />
        <h1
          className="name"
        >
          Adromischus  cristatus  zeyheri    ⌀10
        </h1>
        <div>
          € 7,00
        </div>
      </a>
      <button
        className="addToCart"
      >
        Aggiungi al carrello
      </button>
    </article>
    <article
      className="product"
    >
      <a
        className="imageContainer"
        href="/pdp/2080"
        onClick={[Function]}
      >
        <img
          alt="Aeonium  arboreum atropurpureum    ⌀10"
          className="image"
          loading="lazy"
          src="https://qp2dljrm.twic.pics/aeonium-arboreum.jpg?twic=v1/cover=300x399.98999999999995/quality=100"
        />
        <h1
          className="name"
        >
          Aeonium  arboreum atropurpureum    ⌀10
        </h1>
        <div>
          € 4,00
        </div>
      </a>
      <button
        className="addToCart"
      >
        Aggiungi al carrello
      </button>
    </article>
    <article
      className="product"
    >
      <a
        className="imageContainer"
        href="/pdp/831"
        onClick={[Function]}
      >
        <img
          alt="Aeonium  Kiwi, ibrido di Aeonium haworthii    ⌀6"
          className="image"
          loading="lazy"
          src="https://qp2dljrm.twic.pics/aeoni_tri.jpg?twic=v1/cover=300x399.98999999999995/quality=100"
        />
        <h1
          className="name"
        >
          Aeonium  Kiwi, ibrido di Aeonium haworthii    ⌀6
        </h1>
        <div>
          € 3,00
        </div>
      </a>
      <button
        className="addToCart"
      >
        Aggiungi al carrello
      </button>
    </article>
    <article
      className="product"
    >
      <a
        className="imageContainer"
        href="/pdp/1694"
        onClick={[Function]}
      >
        <img
          alt="Agave   attenuata    ⌀8"
          className="image"
          loading="lazy"
          src="https://qp2dljrm.twic.pics/agave_attenuata8.jpg?twic=v1/cover=300x399.98999999999995/quality=100"
        />
        <h1
          className="name"
        >
          Agave   attenuata    ⌀8
        </h1>
        <div>
          € 4,00
        </div>
      </a>
      <button
        className="addToCart"
      >
        Aggiungi al carrello
      </button>
    </article>
    <article
      className="product"
    >
      <a
        className="imageContainer"
        href="/pdp/1273"
        onClick={[Function]}
      >
        <img
          alt="Agave  filifera    ⌀10"
          className="image"
          loading="lazy"
          src="https://qp2dljrm.twic.pics/agave_filq.jpg?twic=v1/cover=300x399.98999999999995/quality=100"
        />
        <h1
          className="name"
        >
          Agave  filifera    ⌀10
        </h1>
        <div>
          € 3,00
        </div>
      </a>
      <button
        className="addToCart"
      >
        Aggiungi al carrello
      </button>
    </article>
    <article
      className="product"
    >
      <a
        className="imageContainer"
        href="/pdp/2094"
        onClick={[Function]}
      >
        <img
          alt="Agave   lophantha tricolor    ⌀10"
          className="image"
          loading="lazy"
          src="https://qp2dljrm.twic.pics/agave_lophanta.jpg?twic=v1/cover=300x399.98999999999995/quality=100"
        />
        <h1
          className="name"
        >
          Agave   lophantha tricolor    ⌀10
        </h1>
        <div>
          € 7,00
        </div>
      </a>
      <button
        className="addToCart"
      >
        Aggiungi al carrello
      </button>
    </article>
    <article
      className="product"
    >
      <a
        className="imageContainer"
        href="/pdp/1378"
        onClick={[Function]}
      >
        <img
          alt="Agave  maculata    ⌀20"
          className="image"
          loading="lazy"
          src="https://qp2dljrm.twic.pics/agave_maculata.jpg?twic=v1/cover=300x399.98999999999995/quality=100"
        />
        <h1
          className="name"
        >
          Agave  maculata    ⌀20
        </h1>
        <div>
          € 6,00
        </div>
      </a>
      <button
        className="addToCart"
      >
        Aggiungi al carrello
      </button>
    </article>
    <article
      className="product"
    >
      <a
        className="imageContainer"
        href="/pdp/2090"
        onClick={[Function]}
      >
        <img
          alt="Agave  nigra    ⌀10"
          className="image"
          loading="lazy"
          src="https://qp2dljrm.twic.pics/agave_nigra.jpg?twic=v1/cover=300x399.98999999999995/quality=100"
        />
        <h1
          className="name"
        >
          Agave  nigra    ⌀10
        </h1>
        <div>
          € 9,00
        </div>
      </a>
      <button
        className="addToCart"
      >
        Aggiungi al carrello
      </button>
    </article>
    <article
      className="product"
    >
      <a
        className="imageContainer"
        href="/pdp/1403"
        onClick={[Function]}
      >
        <img
          alt="Agave  victoriae-reginae    ⌀17"
          className="image"
          loading="lazy"
          src="https://qp2dljrm.twic.pics/agave victoria.jpg?twic=v1/cover=300x399.98999999999995/quality=100"
        />
        <h1
          className="name"
        >
          Agave  victoriae-reginae    ⌀17
        </h1>
        <div>
          € 18,00
        </div>
      </a>
      <button
        className="addToCart"
      >
        Aggiungi al carrello
      </button>
    </article>
    <article
      className="product"
    >
      <a
        className="imageContainer"
        href="/pdp/1216"
        onClick={[Function]}
      >
        <img
          alt="Agave filifera    ⌀6"
          className="image"
          loading="lazy"
          src="https://qp2dljrm.twic.pics/aga_fil5.jpg?twic=v1/cover=300x399.98999999999995/quality=100"
        />
        <h1
          className="name"
        >
          Agave filifera    ⌀6
        </h1>
        <div>
          € 3,00
        </div>
      </a>
      <button
        className="addToCart"
      >
        Aggiungi al carrello
      </button>
    </article>
    <article
      className="product"
    >
      <a
        className="imageContainer"
        href="/pdp/1215"
        onClick={[Function]}
      >
        <img
          alt="Agave stricta    ⌀10"
          className="image"
          loading="lazy"
          src="https://qp2dljrm.twic.pics/agave_stric.jpg?twic=v1/cover=300x399.98999999999995/quality=100"
        />
        <h1
          className="name"
        >
          Agave stricta    ⌀10
        </h1>
        <div>
          € 3,00
        </div>
      </a>
      <button
        className="addToCart"
      >
        Aggiungi al carrello
      </button>
    </article>
    <article
      className="product"
    >
      <a
        className="imageContainer"
        href="/pdp/2111"
        onClick={[Function]}
      >
        <img
          alt="Albuca  humilis    5.⌀5"
          className="image"
          loading="lazy"
          src="https://qp2dljrm.twic.pics/albuca_humilis.jpg?twic=v1/cover=300x399.98999999999995/quality=100"
        />
        <h1
          className="name"
        >
          Albuca  humilis    5.⌀5
        </h1>
        <div>
          € 4,00
        </div>
      </a>
      <button
        className="addToCart"
      >
        Aggiungi al carrello
      </button>
    </article>
    <article
      className="product"
    >
      <a
        className="imageContainer"
        href="/pdp/2110"
        onClick={[Function]}
      >
        <img
          alt="Albuca  spiralis    5.⌀5"
          className="image"
          loading="lazy"
          src="https://qp2dljrm.twic.pics/albuca5.jpg?twic=v1/cover=300x399.98999999999995/quality=100"
        />
        <h1
          className="name"
        >
          Albuca  spiralis    5.⌀5
        </h1>
        <div>
          € 4,00
        </div>
      </a>
      <button
        className="addToCart"
      >
        Aggiungi al carrello
      </button>
    </article>
    <article
      className="product"
    >
      <a
        className="imageContainer"
        href="/pdp/1737"
        onClick={[Function]}
      >
        <img
          alt="Allaudia  procera  h ⌀30"
          className="image"
          loading="lazy"
          src="https://qp2dljrm.twic.pics/allaudia_pro.jpg?twic=v1/cover=300x399.98999999999995/quality=100"
        />
        <h1
          className="name"
        >
          Allaudia  procera  h ⌀30
        </h1>
        <div>
          € 9,00
        </div>
      </a>
      <button
        className="addToCart"
      >
        Aggiungi al carrello
      </button>
    </article>
    <article
      className="product"
    >
      <a
        className="imageContainer"
        href="/pdp/1790"
        onClick={[Function]}
      >
        <img
          alt="Aloe  aloe x gasteria    ⌀12"
          className="image"
          loading="lazy"
          src="https://qp2dljrm.twic.pics/aloexgasteria.jpg?twic=v1/cover=300x399.98999999999995/quality=100"
        />
        <h1
          className="name"
        >
          Aloe  aloe x gasteria    ⌀12
        </h1>
        <div>
          € 6,00
        </div>
      </a>
      <button
        className="addToCart"
      >
        Aggiungi al carrello
      </button>
    </article>
    <article
      className="product"
    >
      <a
        className="imageContainer"
        href="/pdp/1387"
        onClick={[Function]}
      >
        <img
          alt="Aloe  bakeri    ⌀6"
          className="image"
          loading="lazy"
          src="https://qp2dljrm.twic.pics/aloe bakeri.jpg?twic=v1/cover=300x399.98999999999995/quality=100"
        />
        <h1
          className="name"
        >
          Aloe  bakeri    ⌀6
        </h1>
        <div>
          € 3,00
        </div>
      </a>
      <button
        className="addToCart"
      >
        Aggiungi al carrello
      </button>
    </article>
    <article
      className="product"
    >
      <a
        className="imageContainer"
        href="/pdp/1436"
        onClick={[Function]}
      >
        <img
          alt="Aloe  descoingsii pepe    5.⌀5"
          className="image"
          loading="lazy"
          src="https://qp2dljrm.twic.pics/aloe_pepe.jpg?twic=v1/cover=300x399.98999999999995/quality=100"
        />
        <h1
          className="name"
        >
          Aloe  descoingsii pepe    5.⌀5
        </h1>
        <div>
          € 3,00
        </div>
      </a>
      <button
        className="addToCart"
      >
        Aggiungi al carrello
      </button>
    </article>
    <article
      className="product"
    >
      <a
        className="imageContainer"
        href="/pdp/1697"
        onClick={[Function]}
      >
        <img
          alt="Aloe  humilis     ⌀10"
          className="image"
          loading="lazy"
          src="https://qp2dljrm.twic.pics/aloe_humilis.jpg?twic=v1/cover=300x399.98999999999995/quality=100"
        />
        <h1
          className="name"
        >
          Aloe  humilis     ⌀10
        </h1>
        <div>
          € 4,00
        </div>
      </a>
      <button
        className="addToCart"
      >
        Aggiungi al carrello
      </button>
    </article>
    <article
      className="product"
    >
      <a
        className="imageContainer"
        href="/pdp/1281"
        onClick={[Function]}
      >
        <img
          alt="Aloe   marlotti    5,⌀5"
          className="image"
          loading="lazy"
          src="https://qp2dljrm.twic.pics/aloe_marlo.jpg?twic=v1/cover=300x399.98999999999995/quality=100"
        />
        <h1
          className="name"
        >
          Aloe   marlotti    5,⌀5
        </h1>
        <div>
          € 2,00
        </div>
      </a>
      <button
        className="addToCart"
      >
        Aggiungi al carrello
      </button>
    </article>
    <article
      className="product"
    >
      <a
        className="imageContainer"
        href="/pdp/2023"
        onClick={[Function]}
      >
        <img
          alt="Aloe  melanacantha    ⌀5"
          className="image"
          loading="lazy"
          src="https://qp2dljrm.twic.pics/aloe_melana.jpg?twic=v1/cover=300x399.98999999999995/quality=100"
        />
        <h1
          className="name"
        >
          Aloe  melanacantha    ⌀5
        </h1>
        <div>
          € 4,00
        </div>
      </a>
      <button
        className="addToCart"
      >
        Aggiungi al carrello
      </button>
    </article>
    <article
      className="product"
    >
      <a
        className="imageContainer"
        href="/pdp/1913"
        onClick={[Function]}
      >
        <img
          alt="Aloe  pink blush    ⌀6"
          className="image"
          loading="lazy"
          src="https://qp2dljrm.twic.pics/aloe_pink.jpg?twic=v1/cover=300x399.98999999999995/quality=100"
        />
        <h1
          className="name"
        >
          Aloe  pink blush    ⌀6
        </h1>
        <div>
          € 2,50
        </div>
      </a>
      <button
        className="addToCart"
      >
        Aggiungi al carrello
      </button>
    </article>
    <article
      className="product"
    >
      <a
        className="imageContainer"
        href="/pdp/2050"
        onClick={[Function]}
      >
        <img
          alt="Aloe  ramosissima    ⌀10"
          className="image"
          loading="lazy"
          src="https://qp2dljrm.twic.pics/aloe_ramosisi.jpg?twic=v1/cover=300x399.98999999999995/quality=100"
        />
        <h1
          className="name"
        >
          Aloe  ramosissima    ⌀10
        </h1>
        <div>
          € 5,00
        </div>
      </a>
      <button
        className="addToCart"
      >
        Aggiungi al carrello
      </button>
    </article>
    <article
      className="product"
    >
      <a
        className="imageContainer"
        href="/pdp/1495"
        onClick={[Function]}
      >
        <img
          alt="Aloe  rauhii    ⌀8"
          className="image"
          loading="lazy"
          src="https://qp2dljrm.twic.pics/aloe_rauhii.jpg?twic=v1/cover=300x399.98999999999995/quality=100"
        />
        <h1
          className="name"
        >
          Aloe  rauhii    ⌀8
        </h1>
        <div>
          € 3,00
        </div>
      </a>
      <button
        className="addToCart"
      >
        Aggiungi al carrello
      </button>
    </article>
    <article
      className="product"
    >
      <a
        className="imageContainer"
        href="/pdp/1310"
        onClick={[Function]}
      >
        <img
          alt="Aloe   squarrosa    ⌀8"
          className="image"
          loading="lazy"
          src="https://qp2dljrm.twic.pics/aloe_sqarrosa.jpg?twic=v1/cover=300x399.98999999999995/quality=100"
        />
        <h1
          className="name"
        >
          Aloe   squarrosa    ⌀8
        </h1>
        <div>
          € 3,00
        </div>
      </a>
      <button
        className="addToCart"
      >
        Aggiungi al carrello
      </button>
    </article>
    <article
      className="product"
    >
      <a
        className="imageContainer"
        href="/pdp/1575"
        onClick={[Function]}
      >
        <img
          alt="Aloe  variegata    ⌀10"
          className="image"
          loading="lazy"
          src="https://qp2dljrm.twic.pics/aloe_var10.jpg?twic=v1/cover=300x399.98999999999995/quality=100"
        />
        <h1
          className="name"
        >
          Aloe  variegata    ⌀10
        </h1>
        <div>
          € 4,00
        </div>
      </a>
      <button
        className="addToCart"
      >
        Aggiungi al carrello
      </button>
    </article>
  </div>
  <a
    href="/plp/NaN"
    onClick={[Function]}
  >
    Next page (
    NaN
    )
  </a>
</main>
`;
