// Jest Snapshot v1, https://goo.gl/fbAQLP

exports[`renders correctly 1`] = `
<main
  className="pdpContent"
  role="main"
>
  <div
    className="header"
  />
  <div
    className="mainImage"
  >
    <img />
  </div>
  <div
    className="product"
  >
    <h2
      className="name"
    />
    <div
      className="dimension"
    />
    <div
      className="price"
    />
    <button
      className="addToCart"
    />
  </div>
</main>
`;
